{
  "params": {
    "text_file": "sample.txt",
    "username": "concourse",
    "debug": "true"
  },
  "source": {
    "url": "https://some.url"
  }
}
